guard=Landlock ABI 7 verified; physical_temp=/project/tmp/ls-long-xxxxxxxxxxxxxxxxxxxxxxxxxxxxxxxxxxxxxxxxxxxxxxxxxxxxxxxxxxxxxx length=83
Process SyncManager-1:
Traceback (most recent call last):
  File "/home/tcuni-claw/.local/share/uv/python/cpython-3.12.13-linux-x86_64-gnu/lib/python3.12/multiprocessing/process.py", line 314, in _bootstrap
    self.run()
  File "/home/tcuni-claw/.local/share/uv/python/cpython-3.12.13-linux-x86_64-gnu/lib/python3.12/multiprocessing/process.py", line 108, in run
    self._target(*self._args, **self._kwargs)
  File "/home/tcuni-claw/.local/share/uv/python/cpython-3.12.13-linux-x86_64-gnu/lib/python3.12/multiprocessing/managers.py", line 591, in _run_server
    server = cls._Server(registry, address, authkey, serializer)
             ^^^^^^^^^^^^^^^^^^^^^^^^^^^^^^^^^^^^^^^^^^^^^^^^^^^
  File "/home/tcuni-claw/.local/share/uv/python/cpython-3.12.13-linux-x86_64-gnu/lib/python3.12/multiprocessing/managers.py", line 156, in __init__
    self.listener = Listener(address=address, backlog=128)
                    ^^^^^^^^^^^^^^^^^^^^^^^^^^^^^^^^^^^^^^
  File "/home/tcuni-claw/.local/share/uv/python/cpython-3.12.13-linux-x86_64-gnu/lib/python3.12/multiprocessing/connection.py", line 464, in __init__
    self._listener = SocketListener(address, family, backlog)
                     ^^^^^^^^^^^^^^^^^^^^^^^^^^^^^^^^^^^^^^^^
  File "/home/tcuni-claw/.local/share/uv/python/cpython-3.12.13-linux-x86_64-gnu/lib/python3.12/multiprocessing/connection.py", line 608, in __init__
    self._socket.bind(address)
OSError: AF_UNIX path too long
Traceback (most recent call last):
  File "/home/tcuni-claw/pi/pi-planner-only/.scratch/lite-short-temp-20260927/reproduce.py", line 18, in <module>
    with multiprocessing.Manager() as manager:
         ^^^^^^^^^^^^^^^^^^^^^^^^^
  File "/home/tcuni-claw/.local/share/uv/python/cpython-3.12.13-linux-x86_64-gnu/lib/python3.12/multiprocessing/context.py", line 57, in Manager
    m.start()
  File "/home/tcuni-claw/.local/share/uv/python/cpython-3.12.13-linux-x86_64-gnu/lib/python3.12/multiprocessing/managers.py", line 566, in start
    self._address = reader.recv()
                    ^^^^^^^^^^^^^
  File "/home/tcuni-claw/.local/share/uv/python/cpython-3.12.13-linux-x86_64-gnu/lib/python3.12/multiprocessing/connection.py", line 250, in recv
    buf = self._recv_bytes()
          ^^^^^^^^^^^^^^^^^^
  File "/home/tcuni-claw/.local/share/uv/python/cpython-3.12.13-linux-x86_64-gnu/lib/python3.12/multiprocessing/connection.py", line 430, in _recv_bytes
    buf = self._recv(4)
          ^^^^^^^^^^^^^
  File "/home/tcuni-claw/.local/share/uv/python/cpython-3.12.13-linux-x86_64-gnu/lib/python3.12/multiprocessing/connection.py", line 399, in _recv
    raise EOFError
EOFError
manager should start: FAIL
