{
  "resultsPath": "/home/tcuni-claw/pi/pi-planner-only/.scratch/subprocess-capture-diagnosis-20260918/results.json",
  "sync": [
    {
      "name": "node-console-spawnSync",
      "status": 0,
      "signal": null,
      "stdout": "",
      "stderr": "",
      "errorCode": "EPERM"
    },
    {
      "name": "node-writeSync-spawnSync",
      "status": 0,
      "signal": null,
      "stdout": "capture-probe\n",
      "stderr": "",
      "errorCode": "EPERM"
    },
    {
      "name": "bin-echo-spawnSync",
      "status": 0,
      "signal": null,
      "stdout": "capture-probe\n",
      "stderr": "",
      "errorCode": "EPERM"
    },
    {
      "name": "node-console-regular-file-fd-spawnSync",
      "status": 0,
      "signal": null,
      "stdout": null,
      "stderr": "",
      "errorCode": null
    }
  ],
  "async": [
    {
      "name": "node-console-spawn",
      "pid": 42,
      "stdout": "",
      "stderr": "",
      "errorCode": null,
      "timedOut": false,
      "events": [
        {
          "event": "exit",
          "code": 0,
          "signal": null
        },
        {
          "event": "close",
          "code": 0,
          "signal": null
        }
      ]
    },
    {
      "name": "node-writeSync-spawn",
      "pid": 49,
      "stdout": "capture-probe\n",
      "stderr": "",
      "errorCode": null,
      "timedOut": false,
      "events": [
        {
          "event": "exit",
          "code": 0,
          "signal": null
        },
        {
          "event": "close",
          "code": 0,
          "signal": null
        }
      ]
    }
  ],
  "sideEffect": {
    "status": 0,
    "errorCode": "EPERM",
    "markerExists": true,
    "markerContent": "marker-written\n"
  }
}
