
> pi-planner-only@0.8.0 test:release
> npm run typecheck && npm run test:p1 && npm test


> pi-planner-only@0.8.0 typecheck
> tsc --noEmit


> pi-planner-only@0.8.0 test:p1
> node --experimental-strip-types p1-delegation.test.mjs

p1-delegation: PASS (real plugin/tools/transport/ledger; fake Git and child source; no subprocess)

> pi-planner-only@0.8.0 test
> node --experimental-strip-types policy.test.mjs && node --experimental-strip-types policy-cutover.test.mjs && node --experimental-strip-types roles.test.mjs && node --experimental-strip-types floors.test.mjs && node --experimental-strip-types role-models.test.mjs && node --experimental-strip-types task.test.mjs && node --experimental-strip-types ledger-store.test.mjs && node --experimental-strip-types report.test.mjs && node --experimental-strip-types review.test.mjs && node --experimental-strip-types usage.test.mjs && node --experimental-strip-types orchestrate.test.mjs && node --experimental-strip-types evidence.test.mjs && node --experimental-strip-types git-audit.test.mjs && node --experimental-strip-types index.test.mjs && node --experimental-strip-types diagnostics-regression.test.mjs && node --experimental-strip-types workspace-snapshot.test.mjs && node --experimental-strip-types architecture.test.mjs && node --experimental-strip-types naming.test.mjs && node --experimental-strip-types concurrency.test.mjs && node --experimental-strip-types rs01.test.mjs && node --experimental-strip-types rs02.test.mjs && node --experimental-strip-types rs02-concurrency.test.mjs && node --experimental-strip-types rs03.test.mjs && node --experimental-strip-types rt06.test.mjs && node --experimental-strip-types nx04-06.test.mjs && node --experimental-strip-types nx09-scope.test.mjs && node --experimental-strip-types nx10-attribution.test.mjs && node --experimental-strip-types delegate.test.mjs && node --experimental-strip-types refusal-breaker.test.mjs && node --experimental-strip-types diffstat-acceptance.test.mjs && node --experimental-strip-types revalidation-accounting.test.mjs && node --experimental-strip-types request-control.test.mjs && node --experimental-strip-types request-stop.test.mjs

planner-only policy: PASS
planner-only policy cutover: PASS
planner-only roles: PASS
planner-only floors: PASS
role-models: PASS
planner-only task lifecycle: PASS
planner-only ledger-store: PASS
planner-only report: PASS
planner-only review: PASS
planner-only usage: PASS
planner-only orchestration: PASS
planner-only evidence: PASS
evidence.test.mjs: ticket-01 probe failure cases passed
planner-only git_audit: PASS
diagnostics regression tests passed
planner-only workspace snapshot: PASS
planner-only architecture: PASS
planner-only naming: PASS
✔ A01: Loaded plugin fingerprint is recorded from loaded build, distinct from disk HEAD (5.592916ms)
✔ A05: Multi-process shared ledger allocation, quarantine, and cross-workspace checks pass (1.845967ms)
ℹ tests 2
ℹ suites 0
ℹ pass 2
ℹ fail 0
ℹ cancelled 0
ℹ skipped 0
ℹ todo 0
ℹ duration_ms 10.394362
rs02 tests passed
rs02 concurrency tests passed
rs03: PASS
rt06: PASS
planner-only NX-04/NX-05/NX-06: PASS
✔ normalizeRepoRelativePath (0.536196ms)
✔ matchesScopePath (0.134966ms)
✔ isPathInDeclaredScope routes every entry form through the one matcher (0.307152ms)
✔ validateTaskSpec rejects scope escaping workspace (0.277145ms)
✔ real git e2e scope cases (70.280838ms)
ℹ tests 5
ℹ suites 0
ℹ pass 5
ℹ fail 0
ℹ cancelled 0
ℹ skipped 0
ℹ todo 0
ℹ duration_ms 75.527488
nx10-attribution.test.mjs passed!
delegate.test.mjs: pi-subagents not installed at /home/tcuni-claw/.pi/agent/npm/node_modules/pi-subagents/src/api/delegation.ts; contract-parity check skipped
delegate.test.mjs: all cases passed
refusal-breaker.test.mjs: all cases passed
revalidation-accounting: PASS
request-control: PASS (limits, durable faults, races, lifecycle, causal failures, repairs)
request-stop: PASS (real plugin/tools/transport/ledger; fake Git and child source; no subprocess)
