
> pi-planner-only@0.7.0 test:release
> npm run typecheck && npm test


> pi-planner-only@0.7.0 typecheck
> tsc --noEmit


> pi-planner-only@0.7.0 test
> node --experimental-strip-types policy.test.mjs && node --experimental-strip-types policy-cutover.test.mjs && node --experimental-strip-types roles.test.mjs && node --experimental-strip-types floors.test.mjs && node --experimental-strip-types role-models.test.mjs && node --experimental-strip-types task.test.mjs && node --experimental-strip-types ledger-store.test.mjs && node --experimental-strip-types report.test.mjs && node --experimental-strip-types review.test.mjs && node --experimental-strip-types usage.test.mjs && node --experimental-strip-types orchestrate.test.mjs && node --experimental-strip-types evidence.test.mjs && node --experimental-strip-types git-audit.test.mjs && node --experimental-strip-types index.test.mjs && node --experimental-strip-types explorer-model-config.test.mjs && node --experimental-strip-types diagnostics-regression.test.mjs && node --experimental-strip-types workspace-snapshot.test.mjs && node --experimental-strip-types architecture.test.mjs && node --experimental-strip-types naming.test.mjs && node --experimental-strip-types concurrency.test.mjs && node --experimental-strip-types rs01.test.mjs && node --experimental-strip-types rs02.test.mjs && node --experimental-strip-types rs02-concurrency.test.mjs && node --experimental-strip-types rs03.test.mjs && node --experimental-strip-types rt06.test.mjs && node --experimental-strip-types nx04-06.test.mjs && node --experimental-strip-types nx09-scope.test.mjs && node --experimental-strip-types nx10-attribution.test.mjs && node --experimental-strip-types delegate.test.mjs && node --experimental-strip-types refusal-breaker.test.mjs && node --experimental-strip-types diffstat-acceptance.test.mjs

planner-only policy: PASS
planner-only policy cutover: PASS
planner-only roles: PASS
planner-only floors: PASS
role-models: PASS
node:internal/modules/run_main:107
    triggerUncaughtException(
    ^

AssertionError [ERR_ASSERTION]: independent processes receive distinct ids
    at file:///home/tcuni-claw/pi/pi-planner-only/task.test.mjs:287:10 {
  generatedMessage: false,
  code: 'ERR_ASSERTION',
  actual: '',
  expected: '',
  operator: 'notStrictEqual',
  diff: 'simple'
}

Node.js v24.14.0
