{
  "verdict": "PASS",
  "evidence": "/home/tcuni-claw/pi/pi-planner-only/.scratch/stability-next-20260920/report-only-run-3zZ7ry",
  "runtime": "/project/tmp/planner-zero-tools-palS4M",
  "command": [
    "slot",
    "cpu",
    "--",
    "timeout",
    "150",
    "pi",
    "-p",
    "--mode",
    "json",
    "--no-extensions",
    "--no-skills",
    "--no-prompt-templates",
    "-e",
    "/home/tcuni-claw/.pi/agent/npm/node_modules/pi-subagents/index.ts",
    "-e",
    "/home/tcuni-claw/pi/pi-planner-only/.scratch/stability-next-20260920/report-only-probe.ts",
    "--provider",
    "kimi-coding",
    "--model",
    "kimi-for-coding",
    "--thinking",
    "low",
    "/study-zero-tools"
  ],
  "status": 0,
  "signal": null,
  "durationMs": 10262,
  "changed": ""
}
